// Jest Snapshot v1, https://goo.gl/fbAQLP

exports[`File upload when it includes a hint renders with hint 1`] = `""`;

exports[`File upload when it includes an error message renders with error message 1`] = `
<span id="file-upload-with-error-error"
      class="govuk-error-message"
>
  Error message
</span>
`;

exports[`File upload with dependant components renders with label 1`] = `
<label class="govuk-label"
       for="my-file-upload"
>
  Full address
</label>
`;
