// Jest Snapshot v1, https://goo.gl/fbAQLP

exports[`Radios nested dependant components passes through fieldset params without breaking 1`] = `
<fieldset class="govuk-fieldset app-fieldset--custom-modifier"
          aria-describedby="example-hint example-error"
          data-attribute="value"
          data-second-attribute="second-value"
>
  <legend class="govuk-fieldset__legend">
    Have you changed your name?
  </legend>
</fieldset>
`;

exports[`Radios nested dependant components passes through html fieldset params without breaking 1`] = `
<fieldset class="govuk-fieldset">
  <legend class="govuk-fieldset__legend">
    Have
    <b>
      you
    </b>
    changed your name?
  </legend>
</fieldset>
`;

exports[`Radios nested dependant components passes through label params without breaking 1`] = `
<label class="govuk-label govuk-radios__label"
       data-attribute="value"
       data-second-attribute="second-value"
       for="example-name"
>
  <b>
    Yes
  </b>
</label>
<label class="govuk-label govuk-radios__label"
       for="example-name-2"
>
  &lt;b&gt;No&lt;/b&gt;
</label>
`;

exports[`Radios when they include a hint renders the hint 1`] = `
<span id="example-hint"
      class="govuk-hint"
>
  This includes changing your last name or spelling your name differently.
</span>
<span id="example-item-hint"
      class="govuk-hint govuk-radios__hint"
>
  Hint for yes option here
</span>
<span id="example-2-item-hint"
      class="govuk-hint govuk-radios__hint app-radios__hint-no"
      data-test-attribute="true"
>
  Hint for no option here
</span>
`;

exports[`Radios when they include an error message renders the error message 1`] = `
<span id="example-error"
      class="govuk-error-message"
>
  Please select an option
</span>
`;
